(TranslationUnit
    (SymbolTable
        1
        {
            lfortran_intrinsic_builtin:
                (IntrinsicModule lfortran_intrinsic_builtin),
            test_exec:
                (Program
                    (SymbolTable
                        2
                        {
                            execute_command_line:
                                (ExternalSymbol
                                    2
                                    execute_command_line
                                    4 execute_command_line
                                    lfortran_intrinsic_builtin
                                    []
                                    execute_command_line
                                    Private
                                ),
                            get_environment_variable:
                                (ExternalSymbol
                                    2
                                    get_environment_variable
                                    4 get_environment_variable
                                    lfortran_intrinsic_builtin
                                    []
                                    get_environment_variable
                                    Private
                                ),
                            homedir:
                                (Variable
                                    2
                                    homedir
                                    []
                                    Local
                                    ()
                                    ()
                                    Default
                                    (Character 1 255 ())
                                    ()
                                    Source
                                    Public
                                    Required
                                    .false.
                                )
                        })
                    test_exec
                    []
                    [(SubroutineCall
                        2 get_environment_variable
                        ()
                        [((StringConstant
                            "HOME"
                            (Character 1 4 ())
                        ))
                        ((Var 2 homedir))
                        (())
                        (())
                        (())]
                        ()
                    )
                    (Print
                        [(IntrinsicElementalFunction
                            StringTrim
                            [(Var 2 homedir)]
                            0
                            (Character 1 255 ())
                            ()
                        )]
                        ()
                        ()
                    )
                    (SubroutineCall
                        2 execute_command_line
                        ()
                        [((StringConstant
                            "printenv"
                            (Character 1 8 ())
                        ))
                        (())
                        (())
                        (())
                        (())]
                        ()
                    )]
                )
        })
    []
)
