semantic error: Argument of `size` must be an array
 --> tests/errors/subroutine3.f90:8:18
  |
8 |         print *, size(f)
  |                  ^^^^^^^ 
