(TranslationUnit
    (SymbolTable
        1
        {
            allocate_04:
                (Program
                    (SymbolTable
                        2
                        {
                            c:
                                (Variable
                                    2
                                    c
                                    []
                                    Local
                                    ()
                                    ()
                                    Default
                                    (Allocatable
                                        (Array
                                            (Integer 4)
                                            [(()
                                            ())
                                            (()
                                            ())
                                            (()
                                            ())]
                                            DescriptorArray
                                        )
                                    )
                                    ()
                                    Source
                                    Public
                                    Required
                                    .false.
                                ),
                            message:
                                (Variable
                                    2
                                    message
                                    []
                                    Local
                                    ()
                                    ()
                                    Default
                                    (Allocatable
                                        (Character 1 -2 ())
                                    )
                                    ()
                                    Source
                                    Public
                                    Required
                                    .false.
                                ),
                            num:
                                (Variable
                                    2
                                    num
                                    []
                                    Local
                                    ()
                                    ()
                                    Default
                                    (Character 1 20 ())
                                    ()
                                    Source
                                    Public
                                    Required
                                    .false.
                                ),
                            string:
                                (Variable
                                    2
                                    string
                                    []
                                    Local
                                    ()
                                    ()
                                    Default
                                    (Allocatable
                                        (Character 1 -2 ())
                                    )
                                    ()
                                    Source
                                    Public
                                    Required
                                    .false.
                                )
                        })
                    allocate_04
                    []
                    [(Allocate
                        [((Var 2 string)
                        []
                        (IntegerConstant 8 (Integer 4))
                        ())]
                        ()
                        ()
                        ()
                    )
                    (Allocate
                        [((Var 2 message)
                        []
                        (IntegerConstant 20 (Integer 4))
                        ())]
                        ()
                        ()
                        ()
                    )
                    (Allocate
                        [((Var 2 c)
                        [((IntegerConstant 1 (Integer 4))
                        (IntegerConstant 3 (Integer 4)))
                        ((IntegerConstant 1 (Integer 4))
                        (IntegerConstant 3 (Integer 4)))
                        ((IntegerConstant 1 (Integer 4))
                        (IntegerConstant 3 (Integer 4)))]
                        ()
                        ())]
                        ()
                        ()
                        ()
                    )
                    (Assignment
                        (Var 2 num)
                        (StringConstant
                            "lfortran"
                            (Character 1 8 ())
                        )
                        ()
                    )
                    (Assignment
                        (Var 2 string)
                        (IntrinsicElementalFunction
                            StringTrim
                            [(Var 2 num)]
                            0
                            (Character 1 20 ())
                            ()
                        )
                        ()
                    )
                    (If
                        (StringCompare
                            (Var 2 string)
                            NotEq
                            (StringConstant
                                "lfortran"
                                (Character 1 8 ())
                            )
                            (Logical 4)
                            ()
                        )
                        [(ErrorStop
                            ()
                        )]
                        []
                    )
                    (Assignment
                        (Var 2 num)
                        (StringConstant
                            "lfortran working"
                            (Character 1 16 ())
                        )
                        ()
                    )
                    (Assignment
                        (Var 2 message)
                        (StringSection
                            (Var 2 num)
                            (IntegerBinOp
                                (IntegerConstant 1 (Integer 4))
                                Sub
                                (IntegerConstant 1 (Integer 4))
                                (Integer 4)
                                (IntegerConstant 0 (Integer 4))
                            )
                            (IntegerBinOp
                                (IntrinsicElementalFunction
                                    StringLenTrim
                                    [(Var 2 num)]
                                    0
                                    (Integer 4)
                                    ()
                                )
                                Add
                                (IntegerConstant 1 (Integer 4))
                                (Integer 4)
                                ()
                            )
                            (IntegerConstant 1 (Integer 4))
                            (Character 1 -3 (IntegerBinOp
                                (IntegerBinOp
                                    (IntrinsicElementalFunction
                                        StringLenTrim
                                        [(Var 2 num)]
                                        0
                                        (Integer 4)
                                        ()
                                    )
                                    Add
                                    (IntegerConstant 1 (Integer 4))
                                    (Integer 4)
                                    ()
                                )
                                Sub
                                (IntegerBinOp
                                    (IntegerConstant 1 (Integer 4))
                                    Sub
                                    (IntegerConstant 1 (Integer 4))
                                    (Integer 4)
                                    (IntegerConstant 0 (Integer 4))
                                )
                                (Integer 4)
                                ()
                            ))
                            ()
                        )
                        ()
                    )
                    (Print
                        [(Var 2 message)]
                        ()
                        ()
                    )
                    (ImplicitDeallocate
                        [(Var 2 c)
                        (Var 2 message)
                        (Var 2 string)]
                    )]
                )
        })
    []
)
