(TranslationUnit
    (SymbolTable
        1
        {
            dqc25f:
                (Function
                    (SymbolTable
                        2
                        {
                            dqk15w:
                                (Function
                                    (SymbolTable
                                        5
                                        {
                                            
                                        })
                                    dqk15w
                                    (FunctionType
                                        [(FunctionType
                                            []
                                            (Real 4)
                                            BindC
                                            Implementation
                                            ()
                                            .false.
                                            .false.
                                            .false.
                                            .false.
                                            .false.
                                            []
                                            []
                                            .false.
                                        )]
                                        ()
                                        BindC
                                        Interface
                                        ()
                                        .false.
                                        .false.
                                        .false.
                                        .false.
                                        .false.
                                        []
                                        []
                                        .false.
                                    )
                                    []
                                    [(Var 2 f)]
                                    []
                                    ()
                                    Public
                                    .false.
                                    .false.
                                    ()
                                ),
                            f:
                                (Function
                                    (SymbolTable
                                        3
                                        {
                                            f_return_var_name:
                                                (Variable
                                                    3
                                                    f_return_var_name
                                                    []
                                                    ReturnVar
                                                    ()
                                                    ()
                                                    Default
                                                    (Real 4)
                                                    ()
                                                    BindC
                                                    Public
                                                    Required
                                                    .false.
                                                )
                                        })
                                    f
                                    (FunctionType
                                        []
                                        (Real 4)
                                        BindC
                                        Implementation
                                        ()
                                        .false.
                                        .false.
                                        .false.
                                        .false.
                                        .false.
                                        []
                                        []
                                        .false.
                                    )
                                    []
                                    []
                                    []
                                    (Var 3 f_return_var_name)
                                    Public
                                    .false.
                                    .false.
                                    ()
                                )
                        })
                    dqc25f
                    (FunctionType
                        []
                        ()
                        Source
                        Implementation
                        ()
                        .false.
                        .false.
                        .false.
                        .false.
                        .false.
                        []
                        []
                        .false.
                    )
                    [dqk15w]
                    []
                    [(SubroutineCall
                        2 dqk15w
                        ()
                        [((Var 2 f))]
                        ()
                    )]
                    ()
                    Public
                    .false.
                    .false.
                    ()
                ),
            external_07:
                (Program
                    (SymbolTable
                        4
                        {
                            
                        })
                    external_07
                    []
                    [(SubroutineCall
                        1 dqc25f
                        ()
                        []
                        ()
                    )]
                )
        })
    []
)
