(TranslationUnit
    (SymbolTable
        1
        {
            style_01:
                (Program
                    (SymbolTable
                        2
                        {
                            i:
                                (Variable
                                    2
                                    i
                                    []
                                    Local
                                    ()
                                    ()
                                    Default
                                    (Integer 4)
                                    ()
                                    Source
                                    Public
                                    Required
                                    .false.
                                )
                        })
                    style_01
                    []
                    [(DoLoop
                        ()
                        ((Var 2 i)
                        (IntegerConstant 1 (Integer 4))
                        (IntegerConstant 10 (Integer 4))
                        ())
                        [(Print
                            [(Var 2 i)]
                            ()
                            ()
                        )]
                        []
                    )]
                )
        })
    []
)
