(TranslationUnit
    [(Program
        min_01
        ()
        []
        []
        [(Declaration
            (AttrType
                TypeReal
                [(()
                8
                Value)]
                ()
                ()
                None
            )
            []
            [(y
            []
            []
            ()
            None
            ())]
            ()
        )
        (Declaration
            (AttrType
                TypeReal
                []
                ()
                ()
                None
            )
            []
            [(z
            []
            []
            ()
            None
            ())]
            ()
        )]
        [(=
            0
            y
            (Real "5.2d0")
            ()
        )
        (=
            0
            z
            (Real "9.0")
            ()
        )
        (Print
            0
            ()
            [(FuncCallOrArray
                min
                []
                [(()
                y
                ()
                0)
                (()
                z
                ()
                0)]
                []
                []
                []
            )]
            ()
        )]
        []
    )]
)
