(TranslationUnit
    [(Program
        max_02
        ()
        []
        []
        [(Declaration
            (AttrType
                TypeCharacter
                [(()
                8
                Value)]
                ()
                ()
                None
            )
            []
            [(y
            []
            []
            ()
            None
            ())]
            ()
        )
        (Declaration
            (AttrType
                TypeCharacter
                []
                ()
                ()
                None
            )
            []
            [(z
            []
            []
            ()
            None
            ())]
            ()
        )]
        [(Print
            0
            ()
            [(FuncCallOrArray
                max
                []
                [(()
                y
                ()
                0)
                (()
                z
                ()
                0)]
                []
                []
                []
            )]
            ()
        )]
        []
    )]
)
