style suggestion: Use 'end do' instead of 'enddo'
 --> tests/warnings/style_01.f90:5:5
  |
5 |     enddo
  |     ^^^^^ help: write this as 'end do'
