(TranslationUnit
    [(Program
        style_01
        ()
        []
        []
        [(Declaration
            (AttrType
                TypeInteger
                []
                ()
                ()
                None
            )
            []
            [(i
            []
            []
            ()
            ()
            None
            ())]
            ()
        )]
        [(DoLoop
            0
            ()
            0
            i
            1
            10
            ()
            [(Print
                0
                ()
                [i]
                ()
            )]
            ()
            ()
        )]
        []
    )]
)
